#
# There is insufficient memory for the Java Runtime Environment to continue.
# Native memory allocation (mmap) failed to map 197132288 bytes. Error detail: G1 virtual space
# Possible reasons:
#   The system is out of physical RAM or swap space
#   This process is running with CompressedOops enabled, and the Java Heap may be blocking the growth of the native heap
# Possible solutions:
#   Reduce memory load on the system
#   Increase physical memory or swap space
#   Check if swap backing store is full
#   Decrease Java heap size (-Xmx/-Xms)
#   Decrease number of Java threads
#   Decrease Java thread stack sizes (-Xss)
#   Set larger code cache with -XX:ReservedCodeCacheSize=
#   JVM is running with Zero Based Compressed Oops mode in which the Java heap is
#     placed in the first 32GB address space. The Java Heap base address is the
#     maximum limit for the native heap growth. Please use -XX:HeapBaseMinAddress
#     to set the Java Heap base and to place the Java Heap above 32GB virtual address.
# This output file may be truncated or incomplete.
#
#  Out of Memory Error (os_windows.cpp:3713), pid=10504, tid=18420
#
# JRE version:  (21.0.9+10) (build )
# Java VM: OpenJDK 64-Bit Server VM (21.0.9+10-LTS, mixed mode, sharing, tiered, compressed oops, compressed class ptrs, g1 gc, windows-amd64)
# No core dump will be written. Minidumps are not enabled by default on client versions of Windows
#

---------------  S U M M A R Y ------------

Command Line: -Dfile.encoding=UTF-8 -Dstdout.encoding=UTF-8 -Dstderr.encoding=UTF-8 -XX:+ShowCodeDetailsInExceptionMessages org.apache.catalina.realm.AuthenticatedUserRealm

Host: Intel(R) N100, 4 cores, 11G,  Windows 11 , 64 bit Build 22621 (10.0.22621.5415)
Time: Thu Apr  9 14:35:17 2026 elapsed time: 0.034582 seconds (0d 0h 0m 0s)

---------------  T H R E A D  ---------------

Current thread (0x0000022a174eb9c0):  JavaThread "Unknown thread" [_thread_in_vm, id=18420, stack(0x000000e586a00000,0x000000e586b00000) (1024K)]

Stack: [0x000000e586a00000,0x000000e586b00000]
Native frames: (J=compiled Java code, j=interpreted, Vv=VM code, C=native code)
V  [jvm.dll+0x6d6e29]
V  [jvm.dll+0x8b4b76]
V  [jvm.dll+0x8b712e]
V  [jvm.dll+0x8b7813]
V  [jvm.dll+0x283d86]
V  [jvm.dll+0x6d3745]
V  [jvm.dll+0x6c747a]
V  [jvm.dll+0x35e7e8]
V  [jvm.dll+0x366426]
V  [jvm.dll+0x3b73fe]
V  [jvm.dll+0x3b76a8]
V  [jvm.dll+0x3329ec]
V  [jvm.dll+0x33353b]
V  [jvm.dll+0x87deeb]
V  [jvm.dll+0x3c4381]
V  [jvm.dll+0x867135]
V  [jvm.dll+0x457391]
V  [jvm.dll+0x458f81]
C  [jli.dll+0x52d0]
C  [ucrtbase.dll+0x29333]
C  [KERNEL32.DLL+0x1259d]
C  [ntdll.dll+0x5af78]


---------------  P R O C E S S  ---------------

Threads class SMR info:
_java_thread_list=0x00007fffe4a291c8, length=0, elements={
}

Java Threads: ( => current thread )
Total: 0

Other Threads:
  0x0000022a198fe170 WorkerThread "GC Thread#0"                     [id=1220, stack(0x000000e586b00000,0x000000e586c00000) (1024K)]
  0x0000022a1990add0 ConcurrentGCThread "G1 Main Marker"            [id=6740, stack(0x000000e586c00000,0x000000e586d00000) (1024K)]
  0x0000022a1990b8d0 WorkerThread "G1 Conc#0"                       [id=11128, stack(0x000000e586d00000,0x000000e586e00000) (1024K)]

[error occurred during error reporting (printing all threads), id 0xc0000005, EXCEPTION_ACCESS_VIOLATION (0xc0000005) at pc=0x00007fffe41250d7]
VM state: not at safepoint (not fully initialized)

VM Mutex/Monitor currently owned by a thread:  ([mutex/lock_event])
[0x00007fffe4a9d670] Heap_lock - owner thread: 0x0000022a174eb9c0

Heap address: 0x0000000744000000, size: 3008 MB, Compressed Oops mode: Zero based, Oop shift amount: 3

CDS archive(s) mapped at: [0x0000000000000000-0x0000000000000000-0x0000000000000000), size 0, SharedBaseAddress: 0x0000000800000000, ArchiveRelocationMode: 1.
Narrow klass base: 0x0000000000000000, Narrow klass shift: 0, Narrow klass range: 0x0

GC Precious Log:
 CardTable entry size: 512
 Card Set container configuration: InlinePtr #cards 4 size 8 Array Of Cards #cards 16 size 48 Howl #buckets 8 coarsen threshold 3686 Howl Bitmap #cards 512 size 80 coarsen threshold 460 Card regions per heap region 1 cards per card region 4096

Heap:
 garbage-first heap   total 0K, used 0K [0x0000000744000000, 0x0000000800000000)
  region size 2048K, 0 young (0K), 0 survivors (0K)

[error occurred during error reporting (printing heap information), id 0xc0000005, EXCEPTION_ACCESS_VIOLATION (0xc0000005) at pc=0x00007fffe45107a9]
GC Heap History (0 events):
No events

Dll operation events (1 events):
Event: 0.013 Loaded shared library C:\Users\petit\.p2\pool\plugins\org.eclipse.justj.openjdk.hotspot.jre.full.win32.x86_64_21.0.9.v20251105-0741\jre\bin\java.dll

Deoptimization events (0 events):
No events

Classes loaded (0 events):
No events

Classes unloaded (0 events):
No events

Classes redefined (0 events):
No events

Internal exceptions (0 events):
No events

ZGC Phase Switch (0 events):
No events

VM Operations (0 events):
No events

Memory protections (0 events):
No events

Nmethod flushes (0 events):
No events

Events (0 events):
No events


Dynamic libraries:
0x00007ff74e5c0000 - 0x00007ff74e5ce000 	C:\Users\petit\.p2\pool\plugins\org.eclipse.justj.openjdk.hotspot.jre.full.win32.x86_64_21.0.9.v20251105-0741\jre\bin\javaw.exe
0x00007ff842b90000 - 0x00007ff842da8000 	C:\Windows\SYSTEM32\ntdll.dll
0x00007ff841fa0000 - 0x00007ff842064000 	C:\Windows\System32\KERNEL32.DLL
0x00007ff8401a0000 - 0x00007ff840573000 	C:\Windows\System32\KERNELBASE.dll
0x00007ff83fca0000 - 0x00007ff83fdb1000 	C:\Windows\System32\ucrtbase.dll
0x00007ff82eeb0000 - 0x00007ff82eece000 	C:\Users\petit\.p2\pool\plugins\org.eclipse.justj.openjdk.hotspot.jre.full.win32.x86_64_21.0.9.v20251105-0741\jre\bin\VCRUNTIME140.dll
0x00007ff82d5b0000 - 0x00007ff82d5c8000 	C:\Users\petit\.p2\pool\plugins\org.eclipse.justj.openjdk.hotspot.jre.full.win32.x86_64_21.0.9.v20251105-0741\jre\bin\jli.dll
0x00007ff8422e0000 - 0x00007ff842492000 	C:\Windows\System32\USER32.dll
0x00007ff840760000 - 0x00007ff840786000 	C:\Windows\System32\win32u.dll
0x00007ff8420e0000 - 0x00007ff842109000 	C:\Windows\System32\GDI32.dll
0x00007ff840640000 - 0x00007ff84075b000 	C:\Windows\System32\gdi32full.dll
0x00007ff840790000 - 0x00007ff84082a000 	C:\Windows\System32\msvcp_win.dll
0x00007ff82c7f0000 - 0x00007ff82ca8c000 	C:\Windows\WinSxS\amd64_microsoft.windows.common-controls_6595b64144ccf1df_6.0.22621.6060_none_2712eda17382d24b\COMCTL32.dll
0x00007ff840f10000 - 0x00007ff840fb7000 	C:\Windows\System32\msvcrt.dll
0x00007ff842850000 - 0x00007ff842881000 	C:\Windows\System32\IMM32.DLL
0x00007ff82fcd0000 - 0x00007ff82fcdc000 	C:\Users\petit\.p2\pool\plugins\org.eclipse.justj.openjdk.hotspot.jre.full.win32.x86_64_21.0.9.v20251105-0741\jre\bin\vcruntime140_1.dll
0x00007ff809be0000 - 0x00007ff809c6d000 	C:\Users\petit\.p2\pool\plugins\org.eclipse.justj.openjdk.hotspot.jre.full.win32.x86_64_21.0.9.v20251105-0741\jre\bin\msvcp140.dll
0x00007fffe3de0000 - 0x00007fffe4b80000 	C:\Users\petit\.p2\pool\plugins\org.eclipse.justj.openjdk.hotspot.jre.full.win32.x86_64_21.0.9.v20251105-0741\jre\bin\server\jvm.dll
0x00007ff841db0000 - 0x00007ff841e61000 	C:\Windows\System32\ADVAPI32.dll
0x00007ff840cb0000 - 0x00007ff840d58000 	C:\Windows\System32\sechost.dll
0x00007ff840000000 - 0x00007ff840028000 	C:\Windows\System32\bcrypt.dll
0x00007ff841c80000 - 0x00007ff841d98000 	C:\Windows\System32\RPCRT4.dll
0x00007ff842910000 - 0x00007ff842981000 	C:\Windows\System32\WS2_32.dll
0x00007ff83fac0000 - 0x00007ff83fb0d000 	C:\Windows\SYSTEM32\POWRPROF.dll
0x00007ff83af90000 - 0x00007ff83afc4000 	C:\Windows\SYSTEM32\WINMM.dll
0x00007ff826c40000 - 0x00007ff826c4a000 	C:\Windows\SYSTEM32\VERSION.dll
0x00007ff83faa0000 - 0x00007ff83fab3000 	C:\Windows\SYSTEM32\UMPDC.dll
0x00007ff83ec50000 - 0x00007ff83ec68000 	C:\Windows\SYSTEM32\kernel.appcore.dll
0x00007ff83c120000 - 0x00007ff83c12a000 	C:\Users\petit\.p2\pool\plugins\org.eclipse.justj.openjdk.hotspot.jre.full.win32.x86_64_21.0.9.v20251105-0741\jre\bin\jimage.dll
0x00007ff83d540000 - 0x00007ff83d773000 	C:\Windows\SYSTEM32\DBGHELP.DLL
0x00007ff8424a0000 - 0x00007ff842831000 	C:\Windows\System32\combase.dll
0x00007ff841190000 - 0x00007ff841268000 	C:\Windows\System32\OLEAUT32.dll
0x00007ff819870000 - 0x00007ff8198a2000 	C:\Windows\SYSTEM32\dbgcore.DLL
0x00007ff83ff80000 - 0x00007ff83fffb000 	C:\Windows\System32\bcryptPrimitives.dll
0x00007ff839230000 - 0x00007ff839250000 	C:\Users\petit\.p2\pool\plugins\org.eclipse.justj.openjdk.hotspot.jre.full.win32.x86_64_21.0.9.v20251105-0741\jre\bin\java.dll

JVMTI agents: none

dbghelp: loaded successfully - version: 4.0.5 - missing functions: none
symbol engine: initialized successfully - sym options: 0x614 - pdb path: .;C:\Users\petit\.p2\pool\plugins\org.eclipse.justj.openjdk.hotspot.jre.full.win32.x86_64_21.0.9.v20251105-0741\jre\bin;C:\Windows\SYSTEM32;C:\Windows\WinSxS\amd64_microsoft.windows.common-controls_6595b64144ccf1df_6.0.22621.6060_none_2712eda17382d24b;C:\Users\petit\.p2\pool\plugins\org.eclipse.justj.openjdk.hotspot.jre.full.win32.x86_64_21.0.9.v20251105-0741\jre\bin\server

VM Arguments:
jvm_args: -Dfile.encoding=UTF-8 -Dstdout.encoding=UTF-8 -Dstderr.encoding=UTF-8 -XX:+ShowCodeDetailsInExceptionMessages 
java_command: org.apache.catalina.realm.AuthenticatedUserRealm
java_class_path (initial): C:\Users\petit\eclipse-workspace\essai\build\classes
Launcher Type: SUN_STANDARD

[Global flags]
     intx CICompilerCount                          = 3                                         {product} {ergonomic}
     uint ConcGCThreads                            = 1                                         {product} {ergonomic}
     uint G1ConcRefinementThreads                  = 4                                         {product} {ergonomic}
   size_t G1HeapRegionSize                         = 2097152                                   {product} {ergonomic}
    uintx GCDrainStackTargetSize                   = 64                                        {product} {ergonomic}
   size_t InitialHeapSize                          = 197132288                                 {product} {ergonomic}
   size_t MarkStackSize                            = 4194304                                   {product} {ergonomic}
   size_t MaxHeapSize                              = 3154116608                                {product} {ergonomic}
   size_t MinHeapDeltaBytes                        = 2097152                                   {product} {ergonomic}
   size_t MinHeapSize                              = 8388608                                   {product} {ergonomic}
    uintx NonNMethodCodeHeapSize                   = 5832780                                {pd product} {ergonomic}
    uintx NonProfiledCodeHeapSize                  = 122912730                              {pd product} {ergonomic}
    uintx ProfiledCodeHeapSize                     = 122912730                              {pd product} {ergonomic}
    uintx ReservedCodeCacheSize                    = 251658240                              {pd product} {ergonomic}
     bool SegmentedCodeCache                       = true                                      {product} {ergonomic}
     bool ShowCodeDetailsInExceptionMessages       = true                                   {manageable} {command line}
   size_t SoftMaxHeapSize                          = 3154116608                             {manageable} {ergonomic}
     bool UseCompressedOops                        = true                           {product lp64_product} {ergonomic}
     bool UseG1GC                                  = true                                      {product} {ergonomic}
     bool UseLargePagesIndividualAllocation        = false                                  {pd product} {ergonomic}

Logging:
Log output configuration:
 #0: stdout all=warning uptime,level,tags foldmultilines=false
 #1: stderr all=off uptime,level,tags foldmultilines=false

Release file:
<release file has not been read>
Environment Variables:
PATH=C:/Users/petit/.p2/pool/plugins/org.eclipse.justj.openjdk.hotspot.jre.full.win32.x86_64_21.0.9.v20251105-0741/jre/bin/server;C:/Users/petit/.p2/pool/plugins/org.eclipse.justj.openjdk.hotspot.jre.full.win32.x86_64_21.0.9.v20251105-0741/jre/bin;C:\Program Files\nodejs;C:\Program Files\Common Files\Oracle\Java\javapath;C:\Windows\system32;C:\Windows;C:\Windows\System32\Wbem;C:\Windows\System32\WindowsPowerShell\v1.0\;C:\Windows\System32\OpenSSH\;C:\Program Files\MiKTeX\miktex\bin\x64\;C:\ProgramData\chocolatey\bin;C:\Users\petit\AppData\Local\Programs\Python\Launcher\;C:\Users\petit\AppData\Local\Microsoft\WindowsApps;C:\Users\petit\AppData\Local\Programs\Microsoft VS Code\bin;%JAVA_HOME%\bin;C:\Users\petit\AppData\Local\Programs\Windsurf\bin;C:\Users\petit\AppData\Local\Python\bin;C:\Users\petit\AppData\Local\Python\pythoncore-3.14-64\Scripts;C:\Users\petit\AppData\Local\Programs\Swift\Runtimes\6.2.3\usr\bin\;C:\Users\petit\AppData\Local\Programs\Swift\Toolchains\6.2.3+Asserts\usr\bin\;C:\Program Files\nodejs;C:\Program Files\dotnet\;C:\Program Files\Git\cmd;C:\Users\petit\AppData\Local\Programs\Python\Launcher\;C:\Users\petit\AppData\Local\Microsoft\WindowsApps;C:\Users\petit\AppData\Local\Programs\Microsoft VS Code\bin;%JAVA_HOME%\bin;C:\Users\petit\AppData\Local\Python\bin;C:\Users\petit\AppData\Local\Python\pythoncore-3.14-64\Scripts;C:\Program Files\nodejs;C:\Program Files\PostgreSQL\14\bin;C:\Users\petit\AppData\Local\Python\pythoncore-3.14-64\Scripts;C:\Windows\System32;
USERNAME=petit
OS=Windows_NT
PROCESSOR_IDENTIFIER=Intel64 Family 6 Model 190 Stepping 0, GenuineIntel
TMP=C:\Users\petit\AppData\Local\Temp
TEMP=C:\Users\petit\AppData\Local\Temp




Periodic native trim disabled

---------------  S Y S T E M  ---------------

OS:
 Windows 11 , 64 bit Build 22621 (10.0.22621.5415)
OS uptime: 31 days 3:02 hours
Hyper-V role detected

CPU: total 4 (initial active 4) (4 cores per cpu, 1 threads per core) family 6 model 190 stepping 0 microcode 0xe, cx8, cmov, fxsr, mmx, 3dnowpref, sse, sse2, sse3, ssse3, sse4.1, sse4.2, popcnt, lzcnt, tsc, tscinvbit, avx, avx2, aes, erms, clmul, bmi1, bmi2, adx, sha, fma, vzeroupper, clflush, clflushopt, clwb, hv, serialize, rdtscp, rdpid, fsrm, f16c, cet_ibt, cet_ss
Processor Information for the first 4 processors :
  Max Mhz: 800, Current Mhz: 800, Mhz Limit: 800

Memory: 4k page, system-wide physical 12030M (748M free)
TotalPageFile size 24421M (AvailPageFile size 167M)
current process WorkingSet (physical memory assigned to process): 12M, peak: 12M
current process commit charge ("private bytes"): 51M, peak: 239M

vm_info: OpenJDK 64-Bit Server VM (21.0.9+10-LTS) for windows-amd64 JRE (21.0.9+10-LTS), built on 2025-10-21T00:00:00Z by "admin" with unknown MS VC++:1942

END.
